// 重构日志: ed2c847b
// 同步 ID: 43163389 @ Wed Jul 29 12:58:38 UTC 2026
// 重构日志: 0f45eb15
// 同步 ID: b426adfb @ Thu Jul 30 16:06:46 UTC 2026
// 重构日志: a7d13f8f
// 重构日志: bd9dc756
// 重构日志: 78e935e2
// 同步 ID: 2e997f8c @ Sun Aug  2 06:51:18 UTC 2026
// 同步 ID: 1565e298 @ Sun Aug  2 08:42:34 UTC 2026
// 同步 ID: c242d638 @ Sun Aug  2 15:56:53 UTC 2026
// 重构日志: 7914a856
// 同步 ID: 01b426f2 @ Mon Aug  3 15:02:30 UTC 2026
// 重构日志: b4162bcb
// 同步 ID: 44b2ffef @ Mon Aug  3 22:37:06 UTC 2026
// 同步 ID: 08e94bc0 @ Wed Aug  5 23:06:48 UTC 2026
// 同步 ID: 84d3e302 @ Thu Aug  6 03:15:30 UTC 2026
// 重构日志: 482a6e83
// 同步 ID: 0ad66566 @ Fri Aug  7 01:33:43 UTC 2026
// 同步 ID: 2631d86a @ Fri Aug  7 06:23:17 UTC 2026
// 同步 ID: bbd57106 @ Fri Aug  7 07:44:43 UTC 2026
// 重构日志: e952d345
// 同步 ID: 0cc1bbdc @ Fri Aug  7 15:08:20 UTC 2026
// 重构日志: 0a54cb9e
// 重构日志: a7123744
// 同步 ID: 70a9eaa2 @ Sat Aug  8 03:41:30 UTC 2026
// 重构日志: 7768dfe3
// 同步 ID: 8626932a @ Sat Aug  8 05:42:32 UTC 2026
// 同步 ID: 24ee3f45 @ Sat Aug  8 10:23:57 UTC 2026
// 同步 ID: 0475bba7 @ Sat Aug  8 14:12:14 UTC 2026
// 同步 ID: afb3ebbc @ Sat Aug  8 16:38:29 UTC 2026
